[0.009s] Invoking command in '/home/iit.local/mmarchitto/dls2_ros2_bridge/examples/pid_ws/build/pid': CMAKE_PREFIX_PATH=${CMAKE_PREFIX_PATH}:/opt/ros/humble /usr/bin/cmake /home/iit.local/mmarchitto/dls2_ros2_bridge/examples/pid_ws/src/pid -DCMAKE_INSTALL_PREFIX=/home/iit.local/mmarchitto/dls2_ros2_bridge/examples/pid_ws/install/pid
[0.050s] -- The C compiler identification is GNU 11.4.0
[0.096s] -- The CXX compiler identification is GNU 11.4.0
[0.105s] -- Detecting C compiler ABI info
[0.171s] -- Detecting C compiler ABI info - done
[0.177s] -- Check for working C compiler: /usr/bin/cc - skipped
[0.177s] -- Detecting C compile features
[0.177s] -- Detecting C compile features - done
[0.179s] -- Detecting CXX compiler ABI info
[0.250s] -- Detecting CXX compiler ABI info - done
[0.255s] -- Check for working CXX compiler: /usr/bin/c++ - skipped
[0.255s] -- Detecting CXX compile features
[0.255s] -- Detecting CXX compile features - done
[0.257s] -- Found ament_cmake: 1.3.10 (/opt/ros/humble/share/ament_cmake/cmake)
[0.372s] -- Found Python3: /usr/bin/python3 (found version "3.10.12") found components: Interpreter 
[0.444s] -- Found rclcpp: 16.0.10 (/opt/ros/humble/share/rclcpp/cmake)
[0.478s] -- Found rosidl_generator_c: 3.1.5 (/opt/ros/humble/share/rosidl_generator_c/cmake)
[0.482s] -- Found rosidl_adapter: 3.1.5 (/opt/ros/humble/share/rosidl_adapter/cmake)
[0.488s] -- Found rosidl_generator_cpp: 3.1.5 (/opt/ros/humble/share/rosidl_generator_cpp/cmake)
[0.498s] -- Using all available rosidl_typesupport_c: rosidl_typesupport_fastrtps_c;rosidl_typesupport_introspection_c
[0.510s] -- Using all available rosidl_typesupport_cpp: rosidl_typesupport_fastrtps_cpp;rosidl_typesupport_introspection_cpp
[0.546s] -- Found rmw_implementation_cmake: 6.1.2 (/opt/ros/humble/share/rmw_implementation_cmake/cmake)
[0.549s] -- Found rmw_fastrtps_cpp: 6.2.7 (/opt/ros/humble/share/rmw_fastrtps_cpp/cmake)
[0.619s] -- Found OpenSSL: /usr/lib/x86_64-linux-gnu/libcrypto.so (found version "3.0.2")  
[0.641s] -- Found FastRTPS: /opt/ros/humble/include  
[0.680s] -- Using RMW implementation 'rmw_fastrtps_cpp' as default
[0.687s] -- Looking for pthread.h
[0.764s] -- Looking for pthread.h - found
[0.764s] -- Performing Test CMAKE_HAVE_LIBC_PTHREAD
[0.834s] -- Performing Test CMAKE_HAVE_LIBC_PTHREAD - Success
[0.835s] -- Found Threads: TRUE  
[0.877s] -- Found dls2_msgs: 0.0.0 (/opt/integration_service/dls2_ros2_bridge/msgs_ws/dls2_msgs/share/dls2_msgs/cmake)
[0.934s] -- Configuring done
[0.941s] -- Generating done
[0.942s] -- Build files have been written to: /home/iit.local/mmarchitto/dls2_ros2_bridge/examples/pid_ws/build/pid
[0.948s] Invoked command in '/home/iit.local/mmarchitto/dls2_ros2_bridge/examples/pid_ws/build/pid' returned '0': CMAKE_PREFIX_PATH=${CMAKE_PREFIX_PATH}:/opt/ros/humble /usr/bin/cmake /home/iit.local/mmarchitto/dls2_ros2_bridge/examples/pid_ws/src/pid -DCMAKE_INSTALL_PREFIX=/home/iit.local/mmarchitto/dls2_ros2_bridge/examples/pid_ws/install/pid
[0.949s] Invoking command in '/home/iit.local/mmarchitto/dls2_ros2_bridge/examples/pid_ws/build/pid': CMAKE_PREFIX_PATH=${CMAKE_PREFIX_PATH}:/opt/ros/humble /usr/bin/cmake --build /home/iit.local/mmarchitto/dls2_ros2_bridge/examples/pid_ws/build/pid -- -j20 -l20
[1.003s] [ 50%] [32mBuilding CXX object CMakeFiles/pid.dir/src/pid.cpp.o[0m
[1.204s] [01m[K/home/iit.local/mmarchitto/dls2_ros2_bridge/examples/pid_ws/src/pid/src/pid.cpp:7:10:[m[K [01;31m[Kfatal error: [m[Kdls2_msgs/msg/BindStateMsg.hpp: No such file or directory
[1.204s]     7 | #include [01;31m[K"dls2_msgs/msg/BindStateMsg.hpp"[m[K
[1.204s]       |          [01;31m[K^~~~~~~~~~~~~~~~~~~~~~~~~~~~~~~~[m[K
[1.204s] compilation terminated.
[1.206s] gmake[2]: *** [CMakeFiles/pid.dir/build.make:76: CMakeFiles/pid.dir/src/pid.cpp.o] Error 1
[1.206s] gmake[1]: *** [CMakeFiles/Makefile2:137: CMakeFiles/pid.dir/all] Error 2
[1.206s] gmake: *** [Makefile:146: all] Error 2
[1.208s] Invoked command in '/home/iit.local/mmarchitto/dls2_ros2_bridge/examples/pid_ws/build/pid' returned '2': CMAKE_PREFIX_PATH=${CMAKE_PREFIX_PATH}:/opt/ros/humble /usr/bin/cmake --build /home/iit.local/mmarchitto/dls2_ros2_bridge/examples/pid_ws/build/pid -- -j20 -l20
