[0.011s] Invoking command in '/home/iit.local/mmarchitto/dls2_ros2_bridge/examples/pid_ws/build/pid': CMAKE_PREFIX_PATH=${CMAKE_PREFIX_PATH}:/opt/ros/humble /usr/bin/cmake --build /home/iit.local/mmarchitto/dls2_ros2_bridge/examples/pid_ws/build/pid -- -j20 -l20
[0.082s] [ 50%] [32mBuilding CXX object CMakeFiles/pid.dir/src/pid.cpp.o[0m
[1.753s] [01m[K/home/iit.local/mmarchitto/dls2_ros2_bridge/examples/pid_ws/src/pid/src/pid.cpp:45:48:[m[K [01;31m[Kerror: [m[K‘[01m[Kmsgs[m[K’ in namespace ‘[01m[Kdls2_msgs[m[K’ does not name a type; did you mean ‘[01m[Kmsg[m[K’?
[1.753s]    45 |     void blind_state_callback(const dls2_msgs::[01;31m[Kmsgs[m[K::BindStateMsg::SharedPtr msg) const
[1.753s]       |                                                [01;31m[K^~~~[m[K
[1.753s]       |                                                [32m[Kmsg[m[K
[1.753s] [01m[K/home/iit.local/mmarchitto/dls2_ros2_bridge/examples/pid_ws/src/pid/src/pid.cpp:45:66:[m[K [01;31m[Kerror: [m[Kexpected unqualified-id before ‘[01m[K::[m[K’ token
[1.753s]    45 |     void blind_state_callback(const dls2_msgs::msgs::BindStateMsg[01;31m[K::[m[KSharedPtr msg) const
[1.753s]       |                                                                  [01;31m[K^~[m[K
[1.753s] [01m[K/home/iit.local/mmarchitto/dls2_ros2_bridge/examples/pid_ws/src/pid/src/pid.cpp:45:66:[m[K [01;31m[Kerror: [m[Kexpected ‘[01m[K)[m[K’ before ‘[01m[K::[m[K’ token
[1.753s]    45 |     void blind_state_callback[34m[K([m[Kconst dls2_msgs::msgs::BindStateMsg[01;31m[K:[m[K[32m[K:[m[KSharedPtr msg) const
[1.753s]       |                              [34m[K~[m[K                                   [01;31m[K^[m[K[32m[K~[m[K
[1.753s]       |                                                                  [32m[K)[m[K
[1.753s] [01m[K/home/iit.local/mmarchitto/dls2_ros2_bridge/examples/pid_ws/src/pid/src/pid.cpp:45:54:[m[K [01;31m[Kerror: [m[Kexpected ‘[01m[K;[m[K’ at end of member declaration
[1.753s]    45 |     void blind_state_callback(const dls2_msgs::msgs::[01;31m[KBindStateMsg[m[K::SharedPtr msg) const
[1.753s]       |                                                      [01;31m[K^~~~~~~~~~~~[m[K
[1.753s]       |                                                                  [32m[K;[m[K
[1.755s] [01m[K/home/iit.local/mmarchitto/dls2_ros2_bridge/examples/pid_ws/src/pid/src/pid.cpp:45:68:[m[K [01;31m[Kerror: [m[K‘[01m[KSharedPtr[m[K’ in namespace ‘[01m[K::[m[K’ does not name a type
[1.755s]    45 |     void blind_state_callback(const dls2_msgs::msgs::BindStateMsg::[01;31m[KSharedPtr[m[K msg) const
[1.755s]       |                                                                    [01;31m[K^~~~~~~~~[m[K
[1.755s] [01m[K/home/iit.local/mmarchitto/dls2_ros2_bridge/examples/pid_ws/src/pid/src/pid.cpp:50:57:[m[K [01;31m[Kerror: [m[K‘[01m[Kmsgs[m[K’ in namespace ‘[01m[Kdls2_msgs[m[K’ does not name a type; did you mean ‘[01m[Kmsg[m[K’?
[1.755s]    50 |     void trajectory_generator_callback(const dls2_msgs::[01;31m[Kmsgs[m[K::TrajectoryGeneratorMsg::SharedPtr msg) const
[1.755s]       |                                                         [01;31m[K^~~~[m[K
[1.755s]       |                                                         [32m[Kmsg[m[K
[1.755s] [01m[K/home/iit.local/mmarchitto/dls2_ros2_bridge/examples/pid_ws/src/pid/src/pid.cpp:50:85:[m[K [01;31m[Kerror: [m[Kexpected unqualified-id before ‘[01m[K::[m[K’ token
[1.755s]    50 |     void trajectory_generator_callback(const dls2_msgs::msgs::TrajectoryGeneratorMsg[01;31m[K::[m[KSharedPtr msg) const
[1.755s]       |                                                                                     [01;31m[K^~[m[K
[1.755s] [01m[K/home/iit.local/mmarchitto/dls2_ros2_bridge/examples/pid_ws/src/pid/src/pid.cpp:50:85:[m[K [01;31m[Kerror: [m[Kexpected ‘[01m[K)[m[K’ before ‘[01m[K::[m[K’ token
[1.755s]    50 |     void trajectory_generator_callback[34m[K([m[Kconst dls2_msgs::msgs::TrajectoryGeneratorMsg[01;31m[K:[m[K[32m[K:[m[KSharedPtr msg) const
[1.755s]       |                                       [34m[K~[m[K                                             [01;31m[K^[m[K[32m[K~[m[K
[1.755s]       |                                                                                     [32m[K)[m[K
[1.755s] [01m[K/home/iit.local/mmarchitto/dls2_ros2_bridge/examples/pid_ws/src/pid/src/pid.cpp:50:63:[m[K [01;31m[Kerror: [m[Kexpected ‘[01m[K;[m[K’ at end of member declaration
[1.755s]    50 |     void trajectory_generator_callback(const dls2_msgs::msgs::[01;31m[KTrajectoryGeneratorMsg[m[K::SharedPtr msg) const
[1.755s]       |                                                               [01;31m[K^~~~~~~~~~~~~~~~~~~~~~[m[K
[1.755s]       |                                                                                     [32m[K;[m[K
[1.757s] [01m[K/home/iit.local/mmarchitto/dls2_ros2_bridge/examples/pid_ws/src/pid/src/pid.cpp:50:87:[m[K [01;31m[Kerror: [m[K‘[01m[KSharedPtr[m[K’ in namespace ‘[01m[K::[m[K’ does not name a type
[1.757s]    50 |     void trajectory_generator_callback(const dls2_msgs::msgs::TrajectoryGeneratorMsg::[01;31m[KSharedPtr[m[K msg) const
[1.757s]       |                                                                                       [01;31m[K^~~~~~~~~[m[K
[1.760s] [01m[K/home/iit.local/mmarchitto/dls2_ros2_bridge/examples/pid_ws/src/pid/src/pid.cpp:57:37:[m[K [01;31m[Kerror: [m[K‘[01m[Kmsgs[m[K’ is not a member of ‘[01m[Kdls2_msgs[m[K’; did you mean ‘[01m[Kmsg[m[K’?
[1.760s]    57 |     rclcpp::Subscription<dls2_msgs::[01;31m[Kmsgs[m[K::BindStateMsg>::SharedPtr subscriber_blind_state;
[1.760s]       |                                     [01;31m[K^~~~[m[K
[1.760s]       |                                     [32m[Kmsg[m[K
[1.760s] [01m[K/home/iit.local/mmarchitto/dls2_ros2_bridge/examples/pid_ws/src/pid/src/pid.cpp:57:55:[m[K [01;31m[Kerror: [m[Ktemplate argument 1 is invalid
[1.760s]    57 |     rclcpp::Subscription<dls2_msgs::msgs::BindStateMsg[01;31m[K>[m[K::SharedPtr subscriber_blind_state;
[1.760s]       |                                                       [01;31m[K^[m[K
[1.760s] [01m[K/home/iit.local/mmarchitto/dls2_ros2_bridge/examples/pid_ws/src/pid/src/pid.cpp:57:55:[m[K [01;31m[Kerror: [m[Ktemplate argument 3 is invalid
[1.760s] [01m[K/home/iit.local/mmarchitto/dls2_ros2_bridge/examples/pid_ws/src/pid/src/pid.cpp:57:55:[m[K [01;31m[Kerror: [m[Ktemplate argument 4 is invalid
[1.760s] [01m[K/home/iit.local/mmarchitto/dls2_ros2_bridge/examples/pid_ws/src/pid/src/pid.cpp:57:55:[m[K [01;31m[Kerror: [m[Ktemplate argument 5 is invalid
[1.760s] [01m[K/home/iit.local/mmarchitto/dls2_ros2_bridge/examples/pid_ws/src/pid/src/pid.cpp:57:58:[m[K [01;31m[Kerror: [m[Kexpected ‘[01m[K;[m[K’ at end of member declaration
[1.760s]    57 |     rclcpp::Subscription<dls2_msgs::msgs::BindStateMsg>::[01;31m[KSharedPtr[m[K subscriber_blind_state;
[1.760s]       |                                                          [01;31m[K^~~~~~~~~[m[K
[1.760s]       |                                                                   [32m[K;[m[K
[1.762s] [01m[K/home/iit.local/mmarchitto/dls2_ros2_bridge/examples/pid_ws/src/pid/src/pid.cpp:57:68:[m[K [01;31m[Kerror: [m[K‘[01m[Ksubscriber_blind_state[m[K’ does not name a type
[1.762s]    57 |     rclcpp::Subscription<dls2_msgs::msgs::BindStateMsg>::SharedPtr [01;31m[Ksubscriber_blind_state[m[K;
[1.762s]       |                                                                    [01;31m[K^~~~~~~~~~~~~~~~~~~~~~[m[K
[1.762s] [01m[K/home/iit.local/mmarchitto/dls2_ros2_bridge/examples/pid_ws/src/pid/src/pid.cpp:58:37:[m[K [01;31m[Kerror: [m[K‘[01m[Kmsgs[m[K’ is not a member of ‘[01m[Kdls2_msgs[m[K’; did you mean ‘[01m[Kmsg[m[K’?
[1.762s]    58 |     rclcpp::Subscription<dls2_msgs::[01;31m[Kmsgs[m[K::TrajectoryGeneratorMsg>::SharedPtr subscriber_traj_gen;
[1.762s]       |                                     [01;31m[K^~~~[m[K
[1.762s]       |                                     [32m[Kmsg[m[K
[1.762s] [01m[K/home/iit.local/mmarchitto/dls2_ros2_bridge/examples/pid_ws/src/pid/src/pid.cpp:58:65:[m[K [01;31m[Kerror: [m[Ktemplate argument 1 is invalid
[1.762s]    58 |     rclcpp::Subscription<dls2_msgs::msgs::TrajectoryGeneratorMsg[01;31m[K>[m[K::SharedPtr subscriber_traj_gen;
[1.762s]       |                                                                 [01;31m[K^[m[K
[1.762s] [01m[K/home/iit.local/mmarchitto/dls2_ros2_bridge/examples/pid_ws/src/pid/src/pid.cpp:58:65:[m[K [01;31m[Kerror: [m[Ktemplate argument 3 is invalid
[1.762s] [01m[K/home/iit.local/mmarchitto/dls2_ros2_bridge/examples/pid_ws/src/pid/src/pid.cpp:58:65:[m[K [01;31m[Kerror: [m[Ktemplate argument 4 is invalid
[1.763s] [01m[K/home/iit.local/mmarchitto/dls2_ros2_bridge/examples/pid_ws/src/pid/src/pid.cpp:58:65:[m[K [01;31m[Kerror: [m[Ktemplate argument 5 is invalid
[1.763s] [01m[K/home/iit.local/mmarchitto/dls2_ros2_bridge/examples/pid_ws/src/pid/src/pid.cpp:58:68:[m[K [01;31m[Kerror: [m[Kexpected ‘[01m[K;[m[K’ at end of member declaration
[1.763s]    58 |     rclcpp::Subscription<dls2_msgs::msgs::TrajectoryGeneratorMsg>::[01;31m[KSharedPtr[m[K subscriber_traj_gen;
[1.763s]       |                                                                    [01;31m[K^~~~~~~~~[m[K
[1.763s]       |                                                                             [32m[K;[m[K
[1.763s] [01m[K/home/iit.local/mmarchitto/dls2_ros2_bridge/examples/pid_ws/src/pid/src/pid.cpp:58:68:[m[K [01;31m[Kerror: [m[Kredeclaration of ‘[01m[Kint Pid::SharedPtr[m[K’
[1.763s] [01m[K/home/iit.local/mmarchitto/dls2_ros2_bridge/examples/pid_ws/src/pid/src/pid.cpp:57:58:[m[K [01;36m[Knote: [m[Kprevious declaration ‘[01m[Kint Pid::SharedPtr[m[K’
[1.763s]    57 |     rclcpp::Subscription<dls2_msgs::msgs::BindStateMsg>::[01;36m[KSharedPtr[m[K subscriber_blind_state;
[1.763s]       |                                                          [01;36m[K^~~~~~~~~[m[K
[1.764s] [01m[K/home/iit.local/mmarchitto/dls2_ros2_bridge/examples/pid_ws/src/pid/src/pid.cpp:58:78:[m[K [01;31m[Kerror: [m[K‘[01m[Ksubscriber_traj_gen[m[K’ does not name a type
[1.764s]    58 |     rclcpp::Subscription<dls2_msgs::msgs::TrajectoryGeneratorMsg>::SharedPtr [01;31m[Ksubscriber_traj_gen[m[K;
[1.764s]       |                                                                              [01;31m[K^~~~~~~~~~~~~~~~~~~[m[K
[1.764s] [01m[K/home/iit.local/mmarchitto/dls2_ros2_bridge/examples/pid_ws/src/pid/src/pid.cpp:62:16:[m[K [01;31m[Kerror: [m[K‘[01m[Kmsgs[m[K’ in namespace ‘[01m[Kdls2_msgs[m[K’ does not name a type; did you mean ‘[01m[Kmsg[m[K’?
[1.764s]    62 |     dls2_msgs::[01;31m[Kmsgs[m[K::BindStateMsg blind_state;
[1.764s]       |                [01;31m[K^~~~[m[K
[1.764s]       |                [32m[Kmsg[m[K
[1.765s] [01m[K/home/iit.local/mmarchitto/dls2_ros2_bridge/examples/pid_ws/src/pid/src/pid.cpp:63:16:[m[K [01;31m[Kerror: [m[K‘[01m[Kmsgs[m[K’ in namespace ‘[01m[Kdls2_msgs[m[K’ does not name a type; did you mean ‘[01m[Kmsg[m[K’?
[1.765s]    63 |     dls2_msgs::[01;31m[Kmsgs[m[K::TrajectoryGeneratorMsg traj_gen;
[1.765s]       |                [01;31m[K^~~~[m[K
[1.765s]       |                [32m[Kmsg[m[K
[1.780s] [01m[K/home/iit.local/mmarchitto/dls2_ros2_bridge/examples/pid_ws/src/pid/src/pid.cpp:[m[K In constructor ‘[01m[KPid::Pid()[m[K’:
[1.780s] [01m[K/home/iit.local/mmarchitto/dls2_ros2_bridge/examples/pid_ws/src/pid/src/pid.cpp:26:9:[m[K [01;31m[Kerror: [m[K‘[01m[Ksubscriber_blind_state[m[K’ was not declared in this scope
[1.780s]    26 |         [01;31m[Ksubscriber_blind_state[m[K = this->create_subscription<dls2_msgs::msgs::BindStateMsg>(
[1.780s]       |         [01;31m[K^~~~~~~~~~~~~~~~~~~~~~[m[K
[1.780s] [01m[K/home/iit.local/mmarchitto/dls2_ros2_bridge/examples/pid_ws/src/pid/src/pid.cpp:26:71:[m[K [01;31m[Kerror: [m[K‘[01m[Kmsgs[m[K’ is not a member of ‘[01m[Kdls2_msgs[m[K’; did you mean ‘[01m[Kmsg[m[K’?
[1.780s]    26 |         subscriber_blind_state = this->create_subscription<dls2_msgs::[01;31m[Kmsgs[m[K::BindStateMsg>(
[1.780s]       |                                                                       [01;31m[K^~~~[m[K
[1.780s]       |                                                                       [32m[Kmsg[m[K
[1.780s] [01m[K/home/iit.local/mmarchitto/dls2_ros2_bridge/examples/pid_ws/src/pid/src/pid.cpp:26:40:[m[K [01;31m[Kerror: [m[Kparse error in template argument list
[1.780s]    26 |         subscriber_blind_state = this->[01;31m[Kcreate_subscription<dls2_msgs::msgs::BindStateMsg>[m[K(
[1.780s]       |                                        [01;31m[K^~~~~~~~~~~~~~~~~~~~~~~~~~~~~~~~~~~~~~~~~~~~~~~~~~[m[K
[1.780s] [01m[K/home/iit.local/mmarchitto/dls2_ros2_bridge/examples/pid_ws/src/pid/src/pid.cpp:27:45:[m[K [01;31m[Kerror: [m[K‘[01m[KMinimalSubscriber[m[K’ has not been declared
[1.780s]    27 |         "/dls2/blind_state", 10, std::bind(&[01;31m[KMinimalSubscriber[m[K::blind_state_callback, this, _1));
[1.780s]       |                                             [01;31m[K^~~~~~~~~~~~~~~~~[m[K
[1.786s] [01m[K/home/iit.local/mmarchitto/dls2_ros2_bridge/examples/pid_ws/src/pid/src/pid.cpp:28:9:[m[K [01;31m[Kerror: [m[K‘[01m[Ksubscriber_traj_gen[m[K’ was not declared in this scope
[1.786s]    28 |         [01;31m[Ksubscriber_traj_gen[m[K = this->create_subscription<dls2_msgs::msgs::TrajectoryGeneratorMsg>(
[1.787s]       |         [01;31m[K^~~~~~~~~~~~~~~~~~~[m[K
[1.787s] [01m[K/home/iit.local/mmarchitto/dls2_ros2_bridge/examples/pid_ws/src/pid/src/pid.cpp:28:68:[m[K [01;31m[Kerror: [m[K‘[01m[Kmsgs[m[K’ is not a member of ‘[01m[Kdls2_msgs[m[K’; did you mean ‘[01m[Kmsg[m[K’?
[1.787s]    28 |         subscriber_traj_gen = this->create_subscription<dls2_msgs::[01;31m[Kmsgs[m[K::TrajectoryGeneratorMsg>(
[1.787s]       |                                                                    [01;31m[K^~~~[m[K
[1.787s]       |                                                                    [32m[Kmsg[m[K
[1.787s] [01m[K/home/iit.local/mmarchitto/dls2_ros2_bridge/examples/pid_ws/src/pid/src/pid.cpp:28:37:[m[K [01;31m[Kerror: [m[Kparse error in template argument list
[1.787s]    28 |         subscriber_traj_gen = this->[01;31m[Kcreate_subscription<dls2_msgs::msgs::TrajectoryGeneratorMsg>[m[K(
[1.787s]       |                                     [01;31m[K^~~~~~~~~~~~~~~~~~~~~~~~~~~~~~~~~~~~~~~~~~~~~~~~~~~~~~~~~~~~[m[K
[1.787s] [01m[K/home/iit.local/mmarchitto/dls2_ros2_bridge/examples/pid_ws/src/pid/src/pid.cpp:29:54:[m[K [01;31m[Kerror: [m[K‘[01m[KMinimalSubscriber[m[K’ has not been declared
[1.787s]    29 |         "/dls2/trajectory_generator", 10, std::bind(&[01;31m[KMinimalSubscriber[m[K::trajectory_generator_callback, this, _1));
[1.787s]       |                                                      [01;31m[K^~~~~~~~~~~~~~~~~[m[K
[1.790s] [01m[K/home/iit.local/mmarchitto/dls2_ros2_bridge/examples/pid_ws/src/pid/src/pid.cpp:[m[K In member function ‘[01m[Kvoid Pid::run()[m[K’:
[1.790s] [01m[K/home/iit.local/mmarchitto/dls2_ros2_bridge/examples/pid_ws/src/pid/src/pid.cpp:35:29:[m[K [01;31m[Kerror: [m[K‘[01m[Kdes_q[m[K’ was not declared in this scope
[1.790s]    35 |         for (int i = 0; i < [01;31m[Kdes_q[m[K.size(); i++)
[1.790s]       |                             [01;31m[K^~~~~[m[K
[1.794s] [01m[K/home/iit.local/mmarchitto/dls2_ros2_bridge/examples/pid_ws/src/pid/src/pid.cpp:38:39:[m[K [01;31m[Kerror: [m[K‘[01m[Ktraj_gen[m[K’ was not declared in this scope
[1.794s]    38 |             des_tau_msg.torques = 15*([01;31m[Ktraj_gen[m[K.joints_position(i)-blind_state.joints_position(i))
[1.794s]       |                                       [01;31m[K^~~~~~~~[m[K
[1.798s] [01m[K/home/iit.local/mmarchitto/dls2_ros2_bridge/examples/pid_ws/src/pid/src/pid.cpp:38:67:[m[K [01;31m[Kerror: [m[K‘[01m[Kblind_state[m[K’ was not declared in this scope; did you mean ‘[01m[Kinitstate[m[K’?
[1.798s]    38 |             des_tau_msg.torques = 15*(traj_gen.joints_position(i)-[01;31m[Kblind_state[m[K.joints_position(i))
[1.798s]       |                                                                   [01;31m[K^~~~~~~~~~~[m[K
[1.798s]       |                                                                   [32m[Kinitstate[m[K
[2.357s] gmake[2]: *** [CMakeFiles/pid.dir/build.make:76: CMakeFiles/pid.dir/src/pid.cpp.o] Error 1
[2.357s] gmake[1]: *** [CMakeFiles/Makefile2:137: CMakeFiles/pid.dir/all] Error 2
[2.357s] gmake: *** [Makefile:146: all] Error 2
[2.359s] Invoked command in '/home/iit.local/mmarchitto/dls2_ros2_bridge/examples/pid_ws/build/pid' returned '2': CMAKE_PREFIX_PATH=${CMAKE_PREFIX_PATH}:/opt/ros/humble /usr/bin/cmake --build /home/iit.local/mmarchitto/dls2_ros2_bridge/examples/pid_ws/build/pid -- -j20 -l20
