[0.008s] Invoking command in '/home/iit.local/mmarchitto/dls2_ros2_bridge/examples/pid_ws/build/pid': CMAKE_PREFIX_PATH=${CMAKE_PREFIX_PATH}:/opt/ros/humble /usr/bin/cmake --build /home/iit.local/mmarchitto/dls2_ros2_bridge/examples/pid_ws/build/pid -- -j20 -l20
[0.060s] [35m[1mConsolidate compiler generated dependencies of target pid[0m
[0.086s] [ 50%] [32mBuilding CXX object CMakeFiles/pid.dir/src/pid.cpp.o[0m
[7.531s] [100%] [32m[1mLinking CXX executable pid[0m
[7.925s] [100%] Built target pid
[7.936s] Invoked command in '/home/iit.local/mmarchitto/dls2_ros2_bridge/examples/pid_ws/build/pid' returned '0': CMAKE_PREFIX_PATH=${CMAKE_PREFIX_PATH}:/opt/ros/humble /usr/bin/cmake --build /home/iit.local/mmarchitto/dls2_ros2_bridge/examples/pid_ws/build/pid -- -j20 -l20
[7.988s] Invoking command in '/home/iit.local/mmarchitto/dls2_ros2_bridge/examples/pid_ws/build/pid': CMAKE_PREFIX_PATH=${CMAKE_PREFIX_PATH}:/opt/ros/humble /usr/bin/cmake --install /home/iit.local/mmarchitto/dls2_ros2_bridge/examples/pid_ws/build/pid
[7.999s] -- Install configuration: ""
[8.000s] -- Installing: /home/iit.local/mmarchitto/dls2_ros2_bridge/examples/pid_ws/install/pid/lib/pid/pid
[8.009s] -- Set runtime path of "/home/iit.local/mmarchitto/dls2_ros2_bridge/examples/pid_ws/install/pid/lib/pid/pid" to ""
[8.009s] -- Up-to-date: /home/iit.local/mmarchitto/dls2_ros2_bridge/examples/pid_ws/install/pid/share/ament_index/resource_index/package_run_dependencies/pid
[8.009s] -- Up-to-date: /home/iit.local/mmarchitto/dls2_ros2_bridge/examples/pid_ws/install/pid/share/ament_index/resource_index/parent_prefix_path/pid
[8.010s] -- Up-to-date: /home/iit.local/mmarchitto/dls2_ros2_bridge/examples/pid_ws/install/pid/share/pid/environment/ament_prefix_path.sh
[8.010s] -- Up-to-date: /home/iit.local/mmarchitto/dls2_ros2_bridge/examples/pid_ws/install/pid/share/pid/environment/ament_prefix_path.dsv
[8.010s] -- Up-to-date: /home/iit.local/mmarchitto/dls2_ros2_bridge/examples/pid_ws/install/pid/share/pid/environment/path.sh
[8.010s] -- Up-to-date: /home/iit.local/mmarchitto/dls2_ros2_bridge/examples/pid_ws/install/pid/share/pid/environment/path.dsv
[8.010s] -- Up-to-date: /home/iit.local/mmarchitto/dls2_ros2_bridge/examples/pid_ws/install/pid/share/pid/local_setup.bash
[8.010s] -- Up-to-date: /home/iit.local/mmarchitto/dls2_ros2_bridge/examples/pid_ws/install/pid/share/pid/local_setup.sh
[8.010s] -- Up-to-date: /home/iit.local/mmarchitto/dls2_ros2_bridge/examples/pid_ws/install/pid/share/pid/local_setup.zsh
[8.010s] -- Up-to-date: /home/iit.local/mmarchitto/dls2_ros2_bridge/examples/pid_ws/install/pid/share/pid/local_setup.dsv
[8.010s] -- Installing: /home/iit.local/mmarchitto/dls2_ros2_bridge/examples/pid_ws/install/pid/share/pid/package.dsv
[8.010s] -- Up-to-date: /home/iit.local/mmarchitto/dls2_ros2_bridge/examples/pid_ws/install/pid/share/ament_index/resource_index/packages/pid
[8.010s] -- Up-to-date: /home/iit.local/mmarchitto/dls2_ros2_bridge/examples/pid_ws/install/pid/share/pid/cmake/pidConfig.cmake
[8.010s] -- Up-to-date: /home/iit.local/mmarchitto/dls2_ros2_bridge/examples/pid_ws/install/pid/share/pid/cmake/pidConfig-version.cmake
[8.010s] -- Up-to-date: /home/iit.local/mmarchitto/dls2_ros2_bridge/examples/pid_ws/install/pid/share/pid/package.xml
[8.012s] Invoked command in '/home/iit.local/mmarchitto/dls2_ros2_bridge/examples/pid_ws/build/pid' returned '0': CMAKE_PREFIX_PATH=${CMAKE_PREFIX_PATH}:/opt/ros/humble /usr/bin/cmake --install /home/iit.local/mmarchitto/dls2_ros2_bridge/examples/pid_ws/build/pid
