[0.008s] Invoking command in '/home/iit.local/mmarchitto/dls2_ros2_bridge/examples/pid_ws/build/pid': CMAKE_PREFIX_PATH=${CMAKE_PREFIX_PATH}:/opt/ros/humble /usr/bin/cmake --build /home/iit.local/mmarchitto/dls2_ros2_bridge/examples/pid_ws/build/pid -- -j20 -l20
[0.058s] [35m[1mConsolidate compiler generated dependencies of target pid[0m
[0.079s] [ 50%] [32mBuilding CXX object CMakeFiles/pid.dir/src/pid.cpp.o[0m
[1.574s] [01m[K/home/iit.local/mmarchitto/dls2_ros2_bridge/examples/pid_ws/src/pid/src/pid.cpp:[m[K In member function ‘[01m[Kvoid Pid::run()[m[K’:
[1.574s] [01m[K/home/iit.local/mmarchitto/dls2_ros2_bridge/examples/pid_ws/src/pid/src/pid.cpp:35:29:[m[K [01;31m[Kerror: [m[K‘[01m[Kdes_q[m[K’ was not declared in this scope
[1.574s]    35 |         for (int i = 0; i < [01;31m[Kdes_q[m[K.size(); i++)
[1.574s]       |                             [01;31m[K^~~~~[m[K
[1.574s] [01m[K/home/iit.local/mmarchitto/dls2_ros2_bridge/examples/pid_ws/src/pid/src/pid.cpp:38:63:[m[K [01;31m[Kerror: [m[Kno match for call to ‘[01m[K(dls2_msgs::msg::TrajectoryGeneratorMsg_<std::allocator<void> >::_joints_position_type {aka std::array<double, 12>}) (int&)[m[K’
[1.574s]    38 |             des_tau_msg.torques = 15*([01;31m[Ktraj_gen.joints_position(i)[m[K-blind_state.joints_position(i))
[1.574s]       |                                       [01;31m[K~~~~~~~~~~~~~~~~~~~~~~~~^~~[m[K
[1.574s] [01m[K/home/iit.local/mmarchitto/dls2_ros2_bridge/examples/pid_ws/src/pid/src/pid.cpp:38:94:[m[K [01;31m[Kerror: [m[Kno match for call to ‘[01m[K(dls2_msgs::msg::BlindStateMsg_<std::allocator<void> >::_joints_position_type {aka std::array<double, 12>}) (int&)[m[K’
[1.574s]    38 |             des_tau_msg.torques = 15*(traj_gen.joints_position(i)-[01;31m[Kblind_state.joints_position(i)[m[K)
[1.574s]       |                                                                   [01;31m[K~~~~~~~~~~~~~~~~~~~~~~~~~~~^~~[m[K
[1.574s] [01m[K/home/iit.local/mmarchitto/dls2_ros2_bridge/examples/pid_ws/src/pid/src/pid.cpp:39:62:[m[K [01;31m[Kerror: [m[Kno match for call to ‘[01m[K(dls2_msgs::msg::TrajectoryGeneratorMsg_<std::allocator<void> >::_joints_velocity_type {aka std::array<double, 12>}) (int&)[m[K’
[1.574s]    39 |                                 + 3*([01;31m[Ktraj_gen.joints_velocity(i)[m[K-blind_state.joints_velocity(i));
[1.575s]       |                                      [01;31m[K~~~~~~~~~~~~~~~~~~~~~~~~^~~[m[K
[1.575s] [01m[K/home/iit.local/mmarchitto/dls2_ros2_bridge/examples/pid_ws/src/pid/src/pid.cpp:39:93:[m[K [01;31m[Kerror: [m[Kno match for call to ‘[01m[K(dls2_msgs::msg::BlindStateMsg_<std::allocator<void> >::_joints_velocity_type {aka std::array<double, 12>}) (int&)[m[K’
[1.575s]    39 |                                 + 3*(traj_gen.joints_velocity(i)-[01;31m[Kblind_state.joints_velocity(i)[m[K);
[1.575s]       |                                                                  [01;31m[K~~~~~~~~~~~~~~~~~~~~~~~~~~~^~~[m[K
[1.576s] [01m[K/home/iit.local/mmarchitto/dls2_ros2_bridge/examples/pid_ws/src/pid/src/pid.cpp:[m[K In member function ‘[01m[Kvoid Pid::blind_state_callback(dls2_msgs::msg::BlindStateMsg_<std::allocator<void> >::SharedPtr) const[m[K’:
[1.576s] [01m[K/home/iit.local/mmarchitto/dls2_ros2_bridge/examples/pid_ws/src/pid/src/pid.cpp:47:24:[m[K [01;31m[Kerror: [m[Kpassing ‘[01m[Kconst BlindStateMsg[m[K’ {aka ‘[01m[Kconst dls2_msgs::msg::BlindStateMsg_<std::allocator<void> >[m[K’} as ‘[01m[Kthis[m[K’ argument discards qualifiers [[01;31m[K-fpermissive[m[K]
[1.576s]    47 |         blind_state = *[01;31m[Kmsg[m[K;
[1.576s]       |                        [01;31m[K^~~[m[K
[1.576s] In file included from [01m[K/opt/integration_service/dls2_ros2_bridge/msgs_ws/dls2_msgs/include/dls2_msgs/dls2_msgs/msg/blind_state_msg.hpp:7[m[K,
[1.576s]                  from [01m[K/home/iit.local/mmarchitto/dls2_ros2_bridge/examples/pid_ws/src/pid/src/pid.cpp:7[m[K:
[1.576s] [01m[K/opt/integration_service/dls2_ros2_bridge/msgs_ws/dls2_msgs/include/dls2_msgs/dls2_msgs/msg/detail/blind_state_msg__struct.hpp:32:8:[m[K [01;36m[Knote: [m[K  in call to ‘[01m[Kdls2_msgs::msg::BlindStateMsg_<std::allocator<void> >& dls2_msgs::msg::BlindStateMsg_<std::allocator<void> >::operator=(const dls2_msgs::msg::BlindStateMsg_<std::allocator<void> >&)[m[K’
[1.576s]    32 | struct [01;36m[KBlindStateMsg_[m[K
[1.576s]       |        [01;36m[K^~~~~~~~~~~~~~[m[K
[1.577s] [01m[K/home/iit.local/mmarchitto/dls2_ros2_bridge/examples/pid_ws/src/pid/src/pid.cpp:[m[K In member function ‘[01m[Kvoid Pid::trajectory_generator_callback(dls2_msgs::msg::TrajectoryGeneratorMsg_<std::allocator<void> >::SharedPtr) const[m[K’:
[1.577s] [01m[K/home/iit.local/mmarchitto/dls2_ros2_bridge/examples/pid_ws/src/pid/src/pid.cpp:52:21:[m[K [01;31m[Kerror: [m[Kpassing ‘[01m[Kconst TrajectoryGeneratorMsg[m[K’ {aka ‘[01m[Kconst dls2_msgs::msg::TrajectoryGeneratorMsg_<std::allocator<void> >[m[K’} as ‘[01m[Kthis[m[K’ argument discards qualifiers [[01;31m[K-fpermissive[m[K]
[1.577s]    52 |         traj_gen = *[01;31m[Kmsg[m[K;
[1.577s]       |                     [01;31m[K^~~[m[K
[1.577s] In file included from [01m[K/opt/integration_service/dls2_ros2_bridge/msgs_ws/dls2_msgs/include/dls2_msgs/dls2_msgs/msg/trajectory_generator_msg.hpp:7[m[K,
[1.577s]                  from [01m[K/home/iit.local/mmarchitto/dls2_ros2_bridge/examples/pid_ws/src/pid/src/pid.cpp:8[m[K:
[1.577s] [01m[K/opt/integration_service/dls2_ros2_bridge/msgs_ws/dls2_msgs/include/dls2_msgs/dls2_msgs/msg/detail/trajectory_generator_msg__struct.hpp:32:8:[m[K [01;36m[Knote: [m[K  in call to ‘[01m[Kdls2_msgs::msg::TrajectoryGeneratorMsg_<std::allocator<void> >& dls2_msgs::msg::TrajectoryGeneratorMsg_<std::allocator<void> >::operator=(const dls2_msgs::msg::TrajectoryGeneratorMsg_<std::allocator<void> >&)[m[K’
[1.577s]    32 | struct [01;36m[KTrajectoryGeneratorMsg_[m[K
[1.577s]       |        [01;36m[K^~~~~~~~~~~~~~~~~~~~~~~[m[K
[3.632s] gmake[2]: *** [CMakeFiles/pid.dir/build.make:76: CMakeFiles/pid.dir/src/pid.cpp.o] Error 1
[3.632s] gmake[1]: *** [CMakeFiles/Makefile2:137: CMakeFiles/pid.dir/all] Error 2
[3.632s] gmake: *** [Makefile:146: all] Error 2
[3.634s] Invoked command in '/home/iit.local/mmarchitto/dls2_ros2_bridge/examples/pid_ws/build/pid' returned '2': CMAKE_PREFIX_PATH=${CMAKE_PREFIX_PATH}:/opt/ros/humble /usr/bin/cmake --build /home/iit.local/mmarchitto/dls2_ros2_bridge/examples/pid_ws/build/pid -- -j20 -l20
