[0.008s] Invoking command in '/home/iit.local/mmarchitto/dls2_ros2_bridge/examples/pid_ws/build/pid_controller': CMAKE_PREFIX_PATH=${CMAKE_PREFIX_PATH}:/opt/ros/humble /usr/bin/cmake /home/iit.local/mmarchitto/dls2_ros2_bridge/examples/pid_ws/src/pid -DCMAKE_INSTALL_PREFIX=/home/iit.local/mmarchitto/dls2_ros2_bridge/examples/pid_ws/install/pid_controller
[0.016s] -- Found ament_cmake: 1.3.10 (/opt/ros/humble/share/ament_cmake/cmake)
[0.100s] -- Found rclcpp: 16.0.10 (/opt/ros/humble/share/rclcpp/cmake)
[0.119s] -- Found rosidl_generator_c: 3.1.5 (/opt/ros/humble/share/rosidl_generator_c/cmake)
[0.120s] -- Found rosidl_adapter: 3.1.5 (/opt/ros/humble/share/rosidl_adapter/cmake)
[0.124s] -- Found rosidl_generator_cpp: 3.1.5 (/opt/ros/humble/share/rosidl_generator_cpp/cmake)
[0.131s] -- Using all available rosidl_typesupport_c: rosidl_typesupport_fastrtps_c;rosidl_typesupport_introspection_c
[0.139s] -- Using all available rosidl_typesupport_cpp: rosidl_typesupport_fastrtps_cpp;rosidl_typesupport_introspection_cpp
[0.162s] -- Found rmw_implementation_cmake: 6.1.2 (/opt/ros/humble/share/rmw_implementation_cmake/cmake)
[0.163s] -- Found rmw_fastrtps_cpp: 6.2.7 (/opt/ros/humble/share/rmw_fastrtps_cpp/cmake)
[0.241s] -- Using RMW implementation 'rmw_fastrtps_cpp' as default
[0.273s] -- Found dls2_msgs: 0.0.0 (/opt/integration_service/dls2_ros2_bridge/msgs_ws/dls2_msgs/share/dls2_msgs/cmake)
[0.330s] -- Configuring incomplete, errors occurred!
[0.330s] See also "/home/iit.local/mmarchitto/dls2_ros2_bridge/examples/pid_ws/build/pid_controller/CMakeFiles/CMakeOutput.log".
[0.330s] [31mCMake Error at /opt/ros/humble/share/ament_cmake_core/cmake/core/ament_package_xml.cmake:53 (message):
[0.330s]   ament_package_xml() package name 'pid_controller' in '/package.xml' does
[0.330s]   not match current PROJECT_NAME 'pid'.  You must call project() with the
[0.330s]   same package name before.
[0.330s] Call Stack (most recent call first):
[0.330s]   /opt/ros/humble/share/ament_cmake_core/cmake/core/ament_package.cmake:63 (ament_package_xml)
[0.330s]   CMakeLists.txt:27 (ament_package)
[0.330s] 
[0.330s] [0m
[0.335s] Invoked command in '/home/iit.local/mmarchitto/dls2_ros2_bridge/examples/pid_ws/build/pid_controller' returned '1': CMAKE_PREFIX_PATH=${CMAKE_PREFIX_PATH}:/opt/ros/humble /usr/bin/cmake /home/iit.local/mmarchitto/dls2_ros2_bridge/examples/pid_ws/src/pid -DCMAKE_INSTALL_PREFIX=/home/iit.local/mmarchitto/dls2_ros2_bridge/examples/pid_ws/install/pid_controller
