[0.010s] Invoking command in '/home/iit.local/mmarchitto/dls2_ros2_bridge/examples/pid_ws/build/pid': CMAKE_PREFIX_PATH=${CMAKE_PREFIX_PATH}:/opt/ros/humble /usr/bin/cmake --build /home/iit.local/mmarchitto/dls2_ros2_bridge/examples/pid_ws/build/pid -- -j20 -l20
[0.061s] [35m[1mConsolidate compiler generated dependencies of target pid[0m
[0.087s] [ 50%] [32mBuilding CXX object CMakeFiles/pid.dir/src/pid.cpp.o[0m
[9.191s] [100%] [32m[1mLinking CXX executable pid[0m
[9.791s] [100%] Built target pid
[9.802s] Invoked command in '/home/iit.local/mmarchitto/dls2_ros2_bridge/examples/pid_ws/build/pid' returned '0': CMAKE_PREFIX_PATH=${CMAKE_PREFIX_PATH}:/opt/ros/humble /usr/bin/cmake --build /home/iit.local/mmarchitto/dls2_ros2_bridge/examples/pid_ws/build/pid -- -j20 -l20
[9.846s] Invoking command in '/home/iit.local/mmarchitto/dls2_ros2_bridge/examples/pid_ws/build/pid': CMAKE_PREFIX_PATH=${CMAKE_PREFIX_PATH}:/opt/ros/humble /usr/bin/cmake --install /home/iit.local/mmarchitto/dls2_ros2_bridge/examples/pid_ws/build/pid
[9.854s] -- Install configuration: ""
[9.854s] -- Installing: /home/iit.local/mmarchitto/dls2_ros2_bridge/examples/pid_ws/install/pid/lib/pid/pid
[9.859s] -- Set runtime path of "/home/iit.local/mmarchitto/dls2_ros2_bridge/examples/pid_ws/install/pid/lib/pid/pid" to ""
[9.859s] -- Up-to-date: /home/iit.local/mmarchitto/dls2_ros2_bridge/examples/pid_ws/install/pid/share/ament_index/resource_index/package_run_dependencies/pid
[9.859s] -- Up-to-date: /home/iit.local/mmarchitto/dls2_ros2_bridge/examples/pid_ws/install/pid/share/ament_index/resource_index/parent_prefix_path/pid
[9.860s] -- Up-to-date: /home/iit.local/mmarchitto/dls2_ros2_bridge/examples/pid_ws/install/pid/share/pid/environment/ament_prefix_path.sh
[9.860s] -- Up-to-date: /home/iit.local/mmarchitto/dls2_ros2_bridge/examples/pid_ws/install/pid/share/pid/environment/ament_prefix_path.dsv
[9.860s] -- Up-to-date: /home/iit.local/mmarchitto/dls2_ros2_bridge/examples/pid_ws/install/pid/share/pid/environment/path.sh
[9.860s] -- Up-to-date: /home/iit.local/mmarchitto/dls2_ros2_bridge/examples/pid_ws/install/pid/share/pid/environment/path.dsv
[9.860s] -- Up-to-date: /home/iit.local/mmarchitto/dls2_ros2_bridge/examples/pid_ws/install/pid/share/pid/local_setup.bash
[9.860s] -- Up-to-date: /home/iit.local/mmarchitto/dls2_ros2_bridge/examples/pid_ws/install/pid/share/pid/local_setup.sh
[9.860s] -- Up-to-date: /home/iit.local/mmarchitto/dls2_ros2_bridge/examples/pid_ws/install/pid/share/pid/local_setup.zsh
[9.860s] -- Up-to-date: /home/iit.local/mmarchitto/dls2_ros2_bridge/examples/pid_ws/install/pid/share/pid/local_setup.dsv
[9.860s] -- Installing: /home/iit.local/mmarchitto/dls2_ros2_bridge/examples/pid_ws/install/pid/share/pid/package.dsv
[9.860s] -- Up-to-date: /home/iit.local/mmarchitto/dls2_ros2_bridge/examples/pid_ws/install/pid/share/ament_index/resource_index/packages/pid
[9.860s] -- Up-to-date: /home/iit.local/mmarchitto/dls2_ros2_bridge/examples/pid_ws/install/pid/share/pid/cmake/pidConfig.cmake
[9.860s] -- Up-to-date: /home/iit.local/mmarchitto/dls2_ros2_bridge/examples/pid_ws/install/pid/share/pid/cmake/pidConfig-version.cmake
[9.860s] -- Up-to-date: /home/iit.local/mmarchitto/dls2_ros2_bridge/examples/pid_ws/install/pid/share/pid/package.xml
[9.862s] Invoked command in '/home/iit.local/mmarchitto/dls2_ros2_bridge/examples/pid_ws/build/pid' returned '0': CMAKE_PREFIX_PATH=${CMAKE_PREFIX_PATH}:/opt/ros/humble /usr/bin/cmake --install /home/iit.local/mmarchitto/dls2_ros2_bridge/examples/pid_ws/build/pid
