[0.008s] Invoking command in '/home/iit.local/mmarchitto/dls2_ros2_bridge/examples/pid_ws/build/pid': CMAKE_PREFIX_PATH=${CMAKE_PREFIX_PATH}:/opt/ros/humble /usr/bin/cmake --build /home/iit.local/mmarchitto/dls2_ros2_bridge/examples/pid_ws/build/pid -- -j20 -l20
[0.051s] [35m[1mConsolidate compiler generated dependencies of target pid[0m
[0.070s] [ 50%] [32mBuilding CXX object CMakeFiles/pid.dir/src/pid.cpp.o[0m
[8.371s] [100%] [32m[1mLinking CXX executable pid[0m
[8.753s] [100%] Built target pid
[8.763s] Invoked command in '/home/iit.local/mmarchitto/dls2_ros2_bridge/examples/pid_ws/build/pid' returned '0': CMAKE_PREFIX_PATH=${CMAKE_PREFIX_PATH}:/opt/ros/humble /usr/bin/cmake --build /home/iit.local/mmarchitto/dls2_ros2_bridge/examples/pid_ws/build/pid -- -j20 -l20
[8.791s] Invoking command in '/home/iit.local/mmarchitto/dls2_ros2_bridge/examples/pid_ws/build/pid': CMAKE_PREFIX_PATH=${CMAKE_PREFIX_PATH}:/opt/ros/humble /usr/bin/cmake --install /home/iit.local/mmarchitto/dls2_ros2_bridge/examples/pid_ws/build/pid
[8.797s] -- Install configuration: ""
[8.797s] -- Installing: /home/iit.local/mmarchitto/dls2_ros2_bridge/examples/pid_ws/install/pid/lib/pid/pid
[8.802s] -- Set runtime path of "/home/iit.local/mmarchitto/dls2_ros2_bridge/examples/pid_ws/install/pid/lib/pid/pid" to ""
[8.802s] -- Up-to-date: /home/iit.local/mmarchitto/dls2_ros2_bridge/examples/pid_ws/install/pid/share/ament_index/resource_index/package_run_dependencies/pid
[8.802s] -- Up-to-date: /home/iit.local/mmarchitto/dls2_ros2_bridge/examples/pid_ws/install/pid/share/ament_index/resource_index/parent_prefix_path/pid
[8.802s] -- Up-to-date: /home/iit.local/mmarchitto/dls2_ros2_bridge/examples/pid_ws/install/pid/share/pid/environment/ament_prefix_path.sh
[8.802s] -- Up-to-date: /home/iit.local/mmarchitto/dls2_ros2_bridge/examples/pid_ws/install/pid/share/pid/environment/ament_prefix_path.dsv
[8.802s] -- Up-to-date: /home/iit.local/mmarchitto/dls2_ros2_bridge/examples/pid_ws/install/pid/share/pid/environment/path.sh
[8.802s] -- Up-to-date: /home/iit.local/mmarchitto/dls2_ros2_bridge/examples/pid_ws/install/pid/share/pid/environment/path.dsv
[8.802s] -- Up-to-date: /home/iit.local/mmarchitto/dls2_ros2_bridge/examples/pid_ws/install/pid/share/pid/local_setup.bash
[8.802s] -- Up-to-date: /home/iit.local/mmarchitto/dls2_ros2_bridge/examples/pid_ws/install/pid/share/pid/local_setup.sh
[8.802s] -- Up-to-date: /home/iit.local/mmarchitto/dls2_ros2_bridge/examples/pid_ws/install/pid/share/pid/local_setup.zsh
[8.802s] -- Up-to-date: /home/iit.local/mmarchitto/dls2_ros2_bridge/examples/pid_ws/install/pid/share/pid/local_setup.dsv
[8.803s] -- Installing: /home/iit.local/mmarchitto/dls2_ros2_bridge/examples/pid_ws/install/pid/share/pid/package.dsv
[8.803s] -- Up-to-date: /home/iit.local/mmarchitto/dls2_ros2_bridge/examples/pid_ws/install/pid/share/ament_index/resource_index/packages/pid
[8.803s] -- Up-to-date: /home/iit.local/mmarchitto/dls2_ros2_bridge/examples/pid_ws/install/pid/share/pid/cmake/pidConfig.cmake
[8.803s] -- Up-to-date: /home/iit.local/mmarchitto/dls2_ros2_bridge/examples/pid_ws/install/pid/share/pid/cmake/pidConfig-version.cmake
[8.803s] -- Up-to-date: /home/iit.local/mmarchitto/dls2_ros2_bridge/examples/pid_ws/install/pid/share/pid/package.xml
[8.804s] Invoked command in '/home/iit.local/mmarchitto/dls2_ros2_bridge/examples/pid_ws/build/pid' returned '0': CMAKE_PREFIX_PATH=${CMAKE_PREFIX_PATH}:/opt/ros/humble /usr/bin/cmake --install /home/iit.local/mmarchitto/dls2_ros2_bridge/examples/pid_ws/build/pid
