[0.008s] Invoking command in '/home/iit.local/mmarchitto/dls2_ros2_bridge/examples/pid_ws/build/pid': CMAKE_PREFIX_PATH=${CMAKE_PREFIX_PATH}:/opt/ros/humble /usr/bin/cmake --build /home/iit.local/mmarchitto/dls2_ros2_bridge/examples/pid_ws/build/pid -- -j20 -l20
[0.055s] [35m[1mConsolidate compiler generated dependencies of target pid[0m
[0.080s] [ 50%] [32mBuilding CXX object CMakeFiles/pid.dir/src/pid.cpp.o[0m
[7.193s] [100%] [32m[1mLinking CXX executable pid[0m
[7.572s] [100%] Built target pid
[7.583s] Invoked command in '/home/iit.local/mmarchitto/dls2_ros2_bridge/examples/pid_ws/build/pid' returned '0': CMAKE_PREFIX_PATH=${CMAKE_PREFIX_PATH}:/opt/ros/humble /usr/bin/cmake --build /home/iit.local/mmarchitto/dls2_ros2_bridge/examples/pid_ws/build/pid -- -j20 -l20
[7.635s] Invoking command in '/home/iit.local/mmarchitto/dls2_ros2_bridge/examples/pid_ws/build/pid': CMAKE_PREFIX_PATH=${CMAKE_PREFIX_PATH}:/opt/ros/humble /usr/bin/cmake --install /home/iit.local/mmarchitto/dls2_ros2_bridge/examples/pid_ws/build/pid
[7.648s] -- Install configuration: ""
[7.648s] -- Installing: /home/iit.local/mmarchitto/dls2_ros2_bridge/examples/pid_ws/install/pid/lib/pid/pid
[7.655s] -- Set runtime path of "/home/iit.local/mmarchitto/dls2_ros2_bridge/examples/pid_ws/install/pid/lib/pid/pid" to ""
[7.655s] -- Installing: /home/iit.local/mmarchitto/dls2_ros2_bridge/examples/pid_ws/install/pid/share/ament_index/resource_index/package_run_dependencies/pid
[7.656s] -- Installing: /home/iit.local/mmarchitto/dls2_ros2_bridge/examples/pid_ws/install/pid/share/ament_index/resource_index/parent_prefix_path/pid
[7.656s] -- Installing: /home/iit.local/mmarchitto/dls2_ros2_bridge/examples/pid_ws/install/pid/share/pid/environment/ament_prefix_path.sh
[7.656s] -- Installing: /home/iit.local/mmarchitto/dls2_ros2_bridge/examples/pid_ws/install/pid/share/pid/environment/ament_prefix_path.dsv
[7.656s] -- Installing: /home/iit.local/mmarchitto/dls2_ros2_bridge/examples/pid_ws/install/pid/share/pid/environment/path.sh
[7.656s] -- Installing: /home/iit.local/mmarchitto/dls2_ros2_bridge/examples/pid_ws/install/pid/share/pid/environment/path.dsv
[7.657s] -- Installing: /home/iit.local/mmarchitto/dls2_ros2_bridge/examples/pid_ws/install/pid/share/pid/local_setup.bash
[7.657s] -- Installing: /home/iit.local/mmarchitto/dls2_ros2_bridge/examples/pid_ws/install/pid/share/pid/local_setup.sh
[7.657s] -- Installing: /home/iit.local/mmarchitto/dls2_ros2_bridge/examples/pid_ws/install/pid/share/pid/local_setup.zsh
[7.657s] -- Installing: /home/iit.local/mmarchitto/dls2_ros2_bridge/examples/pid_ws/install/pid/share/pid/local_setup.dsv
[7.657s] -- Installing: /home/iit.local/mmarchitto/dls2_ros2_bridge/examples/pid_ws/install/pid/share/pid/package.dsv
[7.657s] -- Installing: /home/iit.local/mmarchitto/dls2_ros2_bridge/examples/pid_ws/install/pid/share/ament_index/resource_index/packages/pid
[7.657s] -- Installing: /home/iit.local/mmarchitto/dls2_ros2_bridge/examples/pid_ws/install/pid/share/pid/cmake/pidConfig.cmake
[7.657s] -- Installing: /home/iit.local/mmarchitto/dls2_ros2_bridge/examples/pid_ws/install/pid/share/pid/cmake/pidConfig-version.cmake
[7.657s] -- Installing: /home/iit.local/mmarchitto/dls2_ros2_bridge/examples/pid_ws/install/pid/share/pid/package.xml
[7.660s] Invoked command in '/home/iit.local/mmarchitto/dls2_ros2_bridge/examples/pid_ws/build/pid' returned '0': CMAKE_PREFIX_PATH=${CMAKE_PREFIX_PATH}:/opt/ros/humble /usr/bin/cmake --install /home/iit.local/mmarchitto/dls2_ros2_bridge/examples/pid_ws/build/pid
