[35m[1mConsolidate compiler generated dependencies of target pid[0m
[ 50%] [32mBuilding CXX object CMakeFiles/pid.dir/src/pid.cpp.o[0m
[01m[K/home/iit.local/mmarchitto/dls2_ros2_bridge/examples/pid_ws/src/pid/src/pid.cpp:45:53:[m[K [01;31m[Kerror: [m[K‘[01m[KBindStateMsg[m[K’ in namespace ‘[01m[Kdls2_msgs::msg[m[K’ does not name a type; did you mean ‘[01m[KBlindStateMsg[m[K’?
   45 |     void blind_state_callback(const dls2_msgs::msg::[01;31m[KBindStateMsg[m[K::SharedPtr msg) const
      |                                                     [01;31m[K^~~~~~~~~~~~[m[K
      |                                                     [32m[KBlindStateMsg[m[K
[01m[K/home/iit.local/mmarchitto/dls2_ros2_bridge/examples/pid_ws/src/pid/src/pid.cpp:45:77:[m[K [01;31m[Kerror: [m[Kexpected unqualified-id before ‘[01m[Kmsg[m[K’
   45 |     void blind_state_callback(const dls2_msgs::msg::BindStateMsg::SharedPtr [01;31m[Kmsg[m[K) const
      |                                                                             [01;31m[K^~~[m[K
[01m[K/home/iit.local/mmarchitto/dls2_ros2_bridge/examples/pid_ws/src/pid/src/pid.cpp:45:76:[m[K [01;31m[Kerror: [m[Kexpected ‘[01m[K)[m[K’ before ‘[01m[Kmsg[m[K’
   45 |     void blind_state_callback[34m[K([m[Kconst dls2_msgs::msg::BindStateMsg::SharedPtr[01;31m[K [m[K[32m[Kmsg[m[K) const
      |                              [34m[K~[m[K                                             [01;31m[K^[m[K[32m[K~~~[m[K
      |                                                                            [32m[K)[m[K
[01m[K/home/iit.local/mmarchitto/dls2_ros2_bridge/examples/pid_ws/src/pid/src/pid.cpp:45:67:[m[K [01;31m[Kerror: [m[Kexpected ‘[01m[K;[m[K’ at end of member declaration
   45 |     void blind_state_callback(const dls2_msgs::msg::BindStateMsg::[01;31m[KSharedPtr[m[K msg) const
      |                                                                   [01;31m[K^~~~~~~~~[m[K
      |                                                                            [32m[K;[m[K
[01m[K/home/iit.local/mmarchitto/dls2_ros2_bridge/examples/pid_ws/src/pid/src/pid.cpp:45:77:[m[K [01;31m[Kerror: [m[K‘[01m[Kmsg[m[K’ does not name a type
   45 |     void blind_state_callback(const dls2_msgs::msg::BindStateMsg::SharedPtr [01;31m[Kmsg[m[K) const
      |                                                                             [01;31m[K^~~[m[K
[01m[K/home/iit.local/mmarchitto/dls2_ros2_bridge/examples/pid_ws/src/pid/src/pid.cpp:57:42:[m[K [01;31m[Kerror: [m[K‘[01m[KBindStateMsg[m[K’ is not a member of ‘[01m[Kdls2_msgs::msg[m[K’; did you mean ‘[01m[KBlindStateMsg[m[K’?
   57 |     rclcpp::Subscription<dls2_msgs::msg::[01;31m[KBindStateMsg[m[K>::SharedPtr subscriber_blind_state;
      |                                          [01;31m[K^~~~~~~~~~~~[m[K
      |                                          [32m[KBlindStateMsg[m[K
[01m[K/home/iit.local/mmarchitto/dls2_ros2_bridge/examples/pid_ws/src/pid/src/pid.cpp:57:54:[m[K [01;31m[Kerror: [m[Ktemplate argument 1 is invalid
   57 |     rclcpp::Subscription<dls2_msgs::msg::BindStateMsg[01;31m[K>[m[K::SharedPtr subscriber_blind_state;
      |                                                      [01;31m[K^[m[K
[01m[K/home/iit.local/mmarchitto/dls2_ros2_bridge/examples/pid_ws/src/pid/src/pid.cpp:57:54:[m[K [01;31m[Kerror: [m[Ktemplate argument 3 is invalid
[01m[K/home/iit.local/mmarchitto/dls2_ros2_bridge/examples/pid_ws/src/pid/src/pid.cpp:57:54:[m[K [01;31m[Kerror: [m[Ktemplate argument 4 is invalid
[01m[K/home/iit.local/mmarchitto/dls2_ros2_bridge/examples/pid_ws/src/pid/src/pid.cpp:57:54:[m[K [01;31m[Kerror: [m[Ktemplate argument 5 is invalid
[01m[K/home/iit.local/mmarchitto/dls2_ros2_bridge/examples/pid_ws/src/pid/src/pid.cpp:57:57:[m[K [01;31m[Kerror: [m[Kexpected ‘[01m[K;[m[K’ at end of member declaration
   57 |     rclcpp::Subscription<dls2_msgs::msg::BindStateMsg>::[01;31m[KSharedPtr[m[K subscriber_blind_state;
      |                                                         [01;31m[K^~~~~~~~~[m[K
      |                                                                  [32m[K;[m[K
[01m[K/home/iit.local/mmarchitto/dls2_ros2_bridge/examples/pid_ws/src/pid/src/pid.cpp:57:67:[m[K [01;31m[Kerror: [m[K‘[01m[Ksubscriber_blind_state[m[K’ does not name a type
   57 |     rclcpp::Subscription<dls2_msgs::msg::BindStateMsg>::SharedPtr [01;31m[Ksubscriber_blind_state[m[K;
      |                                                                   [01;31m[K^~~~~~~~~~~~~~~~~~~~~~[m[K
[01m[K/home/iit.local/mmarchitto/dls2_ros2_bridge/examples/pid_ws/src/pid/src/pid.cpp:62:21:[m[K [01;31m[Kerror: [m[K‘[01m[KBindStateMsg[m[K’ in namespace ‘[01m[Kdls2_msgs::msg[m[K’ does not name a type; did you mean ‘[01m[KBlindStateMsg[m[K’?
   62 |     dls2_msgs::msg::[01;31m[KBindStateMsg[m[K blind_state;
      |                     [01;31m[K^~~~~~~~~~~~[m[K
      |                     [32m[KBlindStateMsg[m[K
[01m[K/home/iit.local/mmarchitto/dls2_ros2_bridge/examples/pid_ws/src/pid/src/pid.cpp:[m[K In constructor ‘[01m[KPid::Pid()[m[K’:
[01m[K/home/iit.local/mmarchitto/dls2_ros2_bridge/examples/pid_ws/src/pid/src/pid.cpp:26:9:[m[K [01;31m[Kerror: [m[K‘[01m[Ksubscriber_blind_state[m[K’ was not declared in this scope
   26 |         [01;31m[Ksubscriber_blind_state[m[K = this->create_subscription<dls2_msgs::msg::BindStateMsg>(
      |         [01;31m[K^~~~~~~~~~~~~~~~~~~~~~[m[K
[01m[K/home/iit.local/mmarchitto/dls2_ros2_bridge/examples/pid_ws/src/pid/src/pid.cpp:26:76:[m[K [01;31m[Kerror: [m[K‘[01m[KBindStateMsg[m[K’ is not a member of ‘[01m[Kdls2_msgs::msg[m[K’; did you mean ‘[01m[KBlindStateMsg[m[K’?
   26 |         subscriber_blind_state = this->create_subscription<dls2_msgs::msg::[01;31m[KBindStateMsg[m[K>(
      |                                                                            [01;31m[K^~~~~~~~~~~~[m[K
      |                                                                            [32m[KBlindStateMsg[m[K
[01m[K/home/iit.local/mmarchitto/dls2_ros2_bridge/examples/pid_ws/src/pid/src/pid.cpp:26:89:[m[K [01;31m[Kerror: [m[Kno matching function for call to ‘[01m[KPid::create_subscription<<expression error> >(const char [18], int, std::_Bind_helper<false, void (Pid::*)(...), Pid*, const std::_Placeholder<1>&>::type)[m[K’
   26 |         subscriber_blind_state = [01;31m[Kthis->create_subscription<dls2_msgs::msg::BindStateMsg>([m[K
      |                                  [01;31m[K~~~~~~~~~~~~~~~~~~~~~~~~~~~~~~~~~~~~~~~~~~~~~~~~~~~~~~~^[m[K
   27 | [01;31m[K        "/dls2/blind_state", 10, std::bind(&Pid::blind_state_callback, this, _1))[m[K;
      |         [01;31m[K~~~~~~~~~~~~~~~~~~~~~~~~~~~~~~~~~~~~~~~~~~~~~~~~~~~~~~~~~~~~~~~~~~~~~~~~~[m[K        
In file included from [01m[K/opt/ros/humble/include/rclcpp/rclcpp/executors/single_threaded_executor.hpp:28[m[K,
                 from [01m[K/opt/ros/humble/include/rclcpp/rclcpp/executors.hpp:22[m[K,
                 from [01m[K/opt/ros/humble/include/rclcpp/rclcpp/rclcpp.hpp:155[m[K,
                 from [01m[K/home/iit.local/mmarchitto/dls2_ros2_bridge/examples/pid_ws/src/pid/src/pid.cpp:6[m[K:
[01m[K/opt/ros/humble/include/rclcpp/rclcpp/node.hpp:219:3:[m[K [01;36m[Knote: [m[Kcandidate: ‘[01m[Ktemplate<class MessageT, class CallbackT, class AllocatorT, class SubscriptionT, class MessageMemoryStrategyT> std::shared_ptr<ROSMessageT> rclcpp::Node::create_subscription(const string&, const rclcpp::QoS&, CallbackT&&, const rclcpp::SubscriptionOptionsWithAllocator<AllocatorT>&, typename MessageMemoryStrategyT::SharedPtr)[m[K’
  219 |   [01;36m[Kcreate_subscription[m[K(
      |   [01;36m[K^~~~~~~~~~~~~~~~~~~[m[K
[01m[K/opt/ros/humble/include/rclcpp/rclcpp/node.hpp:219:3:[m[K [01;36m[Knote: [m[K  template argument deduction/substitution failed:
[01m[K/home/iit.local/mmarchitto/dls2_ros2_bridge/examples/pid_ws/src/pid/src/pid.cpp:26:89:[m[K [01;31m[Kerror: [m[Ktemplate argument 1 is invalid
   26 |         subscriber_blind_state = [01;31m[Kthis->create_subscription<dls2_msgs::msg::BindStateMsg>([m[K
      |                                  [01;31m[K~~~~~~~~~~~~~~~~~~~~~~~~~~~~~~~~~~~~~~~~~~~~~~~~~~~~~~~^[m[K
   27 | [01;31m[K        "/dls2/blind_state", 10, std::bind(&Pid::blind_state_callback, this, _1))[m[K;
      |         [01;31m[K~~~~~~~~~~~~~~~~~~~~~~~~~~~~~~~~~~~~~~~~~~~~~~~~~~~~~~~~~~~~~~~~~~~~~~~~~[m[K        
[01m[K/home/iit.local/mmarchitto/dls2_ros2_bridge/examples/pid_ws/src/pid/src/pid.cpp:[m[K In member function ‘[01m[Kvoid Pid::run()[m[K’:
[01m[K/home/iit.local/mmarchitto/dls2_ros2_bridge/examples/pid_ws/src/pid/src/pid.cpp:35:29:[m[K [01;31m[Kerror: [m[K‘[01m[Kdes_q[m[K’ was not declared in this scope
   35 |         for (int i = 0; i < [01;31m[Kdes_q[m[K.size(); i++)
      |                             [01;31m[K^~~~~[m[K
[01m[K/home/iit.local/mmarchitto/dls2_ros2_bridge/examples/pid_ws/src/pid/src/pid.cpp:38:63:[m[K [01;31m[Kerror: [m[Kno match for call to ‘[01m[K(dls2_msgs::msg::TrajectoryGeneratorMsg_<std::allocator<void> >::_joints_position_type {aka std::array<double, 12>}) (int&)[m[K’
   38 |             des_tau_msg.torques = 15*([01;31m[Ktraj_gen.joints_position(i)[m[K-blind_state.joints_position(i))
      |                                       [01;31m[K~~~~~~~~~~~~~~~~~~~~~~~~^~~[m[K
[01m[K/home/iit.local/mmarchitto/dls2_ros2_bridge/examples/pid_ws/src/pid/src/pid.cpp:38:67:[m[K [01;31m[Kerror: [m[K‘[01m[Kblind_state[m[K’ was not declared in this scope; did you mean ‘[01m[Kinitstate[m[K’?
   38 |             des_tau_msg.torques = 15*(traj_gen.joints_position(i)-[01;31m[Kblind_state[m[K.joints_position(i))
      |                                                                   [01;31m[K^~~~~~~~~~~[m[K
      |                                                                   [32m[Kinitstate[m[K
[01m[K/home/iit.local/mmarchitto/dls2_ros2_bridge/examples/pid_ws/src/pid/src/pid.cpp:39:62:[m[K [01;31m[Kerror: [m[Kno match for call to ‘[01m[K(dls2_msgs::msg::TrajectoryGeneratorMsg_<std::allocator<void> >::_joints_velocity_type {aka std::array<double, 12>}) (int&)[m[K’
   39 |                                 + 3*([01;31m[Ktraj_gen.joints_velocity(i)[m[K-blind_state.joints_velocity(i));
      |                                      [01;31m[K~~~~~~~~~~~~~~~~~~~~~~~~^~~[m[K
[01m[K/home/iit.local/mmarchitto/dls2_ros2_bridge/examples/pid_ws/src/pid/src/pid.cpp:[m[K In member function ‘[01m[Kvoid Pid::trajectory_generator_callback(dls2_msgs::msg::TrajectoryGeneratorMsg_<std::allocator<void> >::SharedPtr) const[m[K’:
[01m[K/home/iit.local/mmarchitto/dls2_ros2_bridge/examples/pid_ws/src/pid/src/pid.cpp:52:21:[m[K [01;31m[Kerror: [m[Kpassing ‘[01m[Kconst TrajectoryGeneratorMsg[m[K’ {aka ‘[01m[Kconst dls2_msgs::msg::TrajectoryGeneratorMsg_<std::allocator<void> >[m[K’} as ‘[01m[Kthis[m[K’ argument discards qualifiers [[01;31m[K-fpermissive[m[K]
   52 |         traj_gen = *[01;31m[Kmsg[m[K;
      |                     [01;31m[K^~~[m[K
In file included from [01m[K/opt/integration_service/dls2_ros2_bridge/msgs_ws/dls2_msgs/include/dls2_msgs/dls2_msgs/msg/trajectory_generator_msg.hpp:7[m[K,
                 from [01m[K/home/iit.local/mmarchitto/dls2_ros2_bridge/examples/pid_ws/src/pid/src/pid.cpp:8[m[K:
[01m[K/opt/integration_service/dls2_ros2_bridge/msgs_ws/dls2_msgs/include/dls2_msgs/dls2_msgs/msg/detail/trajectory_generator_msg__struct.hpp:32:8:[m[K [01;36m[Knote: [m[K  in call to ‘[01m[Kdls2_msgs::msg::TrajectoryGeneratorMsg_<std::allocator<void> >& dls2_msgs::msg::TrajectoryGeneratorMsg_<std::allocator<void> >::operator=(const dls2_msgs::msg::TrajectoryGeneratorMsg_<std::allocator<void> >&)[m[K’
   32 | struct [01;36m[KTrajectoryGeneratorMsg_[m[K
      |        [01;36m[K^~~~~~~~~~~~~~~~~~~~~~~[m[K
gmake[2]: *** [CMakeFiles/pid.dir/build.make:76: CMakeFiles/pid.dir/src/pid.cpp.o] Error 1
gmake[1]: *** [CMakeFiles/Makefile2:137: CMakeFiles/pid.dir/all] Error 2
gmake: *** [Makefile:146: all] Error 2
