[0.068s] DEBUG:colcon:Command line arguments: ['/usr/bin/colcon', 'build']
[0.068s] DEBUG:colcon:Parsed command line arguments: Namespace(log_base=None, log_level=None, verb_name='build', build_base='build', install_base='install', merge_install=False, symlink_install=False, test_result_base=None, continue_on_error=False, executor='parallel', parallel_workers=20, event_handlers=None, ignore_user_meta=False, metas=['./colcon.meta'], base_paths=['.'], packages_ignore=None, packages_ignore_regex=None, paths=None, packages_up_to=None, packages_up_to_regex=None, packages_above=None, packages_above_and_dependencies=None, packages_above_depth=None, packages_select_by_dep=None, packages_skip_by_dep=None, packages_skip_up_to=None, packages_select_build_failed=False, packages_skip_build_finished=False, packages_select_test_failures=False, packages_skip_test_passed=False, packages_select=None, packages_skip=None, packages_select_regex=None, packages_skip_regex=None, packages_start=None, packages_end=None, cmake_args=None, cmake_target=None, cmake_target_skip_unavailable=False, cmake_clean_cache=False, cmake_clean_first=False, cmake_force_configure=False, ament_cmake_args=None, catkin_cmake_args=None, catkin_skip_building_tests=False, mixin_files=None, mixin=None, verb_parser=<colcon_mixin.mixin.mixin_argument.MixinArgumentDecorator object at 0x778439d180d0>, verb_extension=<colcon_core.verb.build.BuildVerb object at 0x778439cdba90>, main=<bound method BuildVerb.main of <colcon_core.verb.build.BuildVerb object at 0x778439cdba90>>, mixin_verb=('build',))
[0.146s] Level 1:colcon.colcon_core.package_discovery:discover_packages(colcon_meta) check parameters
[0.146s] Level 1:colcon.colcon_core.package_discovery:discover_packages(recursive) check parameters
[0.146s] Level 1:colcon.colcon_core.package_discovery:discover_packages(ignore) check parameters
[0.146s] Level 1:colcon.colcon_core.package_discovery:discover_packages(path) check parameters
[0.146s] Level 1:colcon.colcon_core.package_discovery:discover_packages(colcon_meta) discover
[0.146s] Level 1:colcon.colcon_core.package_discovery:discover_packages(recursive) discover
[0.146s] INFO:colcon.colcon_core.package_discovery:Crawling recursively for packages in '/home/iit.local/mmarchitto/dls2_ros2_bridge/examples/pid_ws'
[0.147s] Level 1:colcon.colcon_core.package_identification:_identify(.) by extensions ['ignore', 'ignore_ament_install']
[0.147s] Level 1:colcon.colcon_core.package_identification:_identify(.) by extension 'ignore'
[0.147s] Level 1:colcon.colcon_core.package_identification:_identify(.) by extension 'ignore_ament_install'
[0.147s] Level 1:colcon.colcon_core.package_identification:_identify(.) by extensions ['colcon_pkg']
[0.147s] Level 1:colcon.colcon_core.package_identification:_identify(.) by extension 'colcon_pkg'
[0.147s] Level 1:colcon.colcon_core.package_identification:_identify(.) by extensions ['colcon_meta']
[0.147s] Level 1:colcon.colcon_core.package_identification:_identify(.) by extension 'colcon_meta'
[0.147s] Level 1:colcon.colcon_core.package_identification:_identify(.) by extensions ['ros']
[0.147s] Level 1:colcon.colcon_core.package_identification:_identify(.) by extension 'ros'
[0.154s] Level 1:colcon.colcon_core.package_identification:_identify(.) by extensions ['cmake', 'python']
[0.154s] Level 1:colcon.colcon_core.package_identification:_identify(.) by extension 'cmake'
[0.154s] Level 1:colcon.colcon_core.package_identification:_identify(.) by extension 'python'
[0.154s] Level 1:colcon.colcon_core.package_identification:_identify(.) by extensions ['python_setup_py']
[0.154s] Level 1:colcon.colcon_core.package_identification:_identify(.) by extension 'python_setup_py'
[0.154s] Level 1:colcon.colcon_core.package_identification:_identify(build) by extensions ['ignore', 'ignore_ament_install']
[0.154s] Level 1:colcon.colcon_core.package_identification:_identify(build) by extension 'ignore'
[0.154s] Level 1:colcon.colcon_core.package_identification:_identify(build) ignored
[0.154s] Level 1:colcon.colcon_core.package_identification:_identify(install) by extensions ['ignore', 'ignore_ament_install']
[0.155s] Level 1:colcon.colcon_core.package_identification:_identify(install) by extension 'ignore'
[0.155s] Level 1:colcon.colcon_core.package_identification:_identify(install) ignored
[0.155s] Level 1:colcon.colcon_core.package_identification:_identify(log) by extensions ['ignore', 'ignore_ament_install']
[0.155s] Level 1:colcon.colcon_core.package_identification:_identify(log) by extension 'ignore'
[0.155s] Level 1:colcon.colcon_core.package_identification:_identify(log) ignored
[0.155s] Level 1:colcon.colcon_core.package_identification:_identify(src) by extensions ['ignore', 'ignore_ament_install']
[0.155s] Level 1:colcon.colcon_core.package_identification:_identify(src) by extension 'ignore'
[0.155s] Level 1:colcon.colcon_core.package_identification:_identify(src) by extension 'ignore_ament_install'
[0.155s] Level 1:colcon.colcon_core.package_identification:_identify(src) by extensions ['colcon_pkg']
[0.155s] Level 1:colcon.colcon_core.package_identification:_identify(src) by extension 'colcon_pkg'
[0.155s] Level 1:colcon.colcon_core.package_identification:_identify(src) by extensions ['colcon_meta']
[0.155s] Level 1:colcon.colcon_core.package_identification:_identify(src) by extension 'colcon_meta'
[0.155s] Level 1:colcon.colcon_core.package_identification:_identify(src) by extensions ['ros']
[0.155s] Level 1:colcon.colcon_core.package_identification:_identify(src) by extension 'ros'
[0.155s] Level 1:colcon.colcon_core.package_identification:_identify(src) by extensions ['cmake', 'python']
[0.155s] Level 1:colcon.colcon_core.package_identification:_identify(src) by extension 'cmake'
[0.155s] Level 1:colcon.colcon_core.package_identification:_identify(src) by extension 'python'
[0.155s] Level 1:colcon.colcon_core.package_identification:_identify(src) by extensions ['python_setup_py']
[0.155s] Level 1:colcon.colcon_core.package_identification:_identify(src) by extension 'python_setup_py'
[0.155s] Level 1:colcon.colcon_core.package_identification:_identify(src/pid) by extensions ['ignore', 'ignore_ament_install']
[0.155s] Level 1:colcon.colcon_core.package_identification:_identify(src/pid) by extension 'ignore'
[0.155s] Level 1:colcon.colcon_core.package_identification:_identify(src/pid) by extension 'ignore_ament_install'
[0.155s] Level 1:colcon.colcon_core.package_identification:_identify(src/pid) by extensions ['colcon_pkg']
[0.155s] Level 1:colcon.colcon_core.package_identification:_identify(src/pid) by extension 'colcon_pkg'
[0.155s] Level 1:colcon.colcon_core.package_identification:_identify(src/pid) by extensions ['colcon_meta']
[0.155s] Level 1:colcon.colcon_core.package_identification:_identify(src/pid) by extension 'colcon_meta'
[0.155s] Level 1:colcon.colcon_core.package_identification:_identify(src/pid) by extensions ['ros']
[0.155s] Level 1:colcon.colcon_core.package_identification:_identify(src/pid) by extension 'ros'
[0.157s] DEBUG:colcon.colcon_core.package_identification:Package 'src/pid' with type 'ros.ament_cmake' and name 'pid'
[0.157s] Level 1:colcon.colcon_core.package_discovery:discover_packages(recursive) using defaults
[0.157s] Level 1:colcon.colcon_core.package_discovery:discover_packages(ignore) discover
[0.157s] Level 1:colcon.colcon_core.package_discovery:discover_packages(ignore) using defaults
[0.157s] Level 1:colcon.colcon_core.package_discovery:discover_packages(path) discover
[0.157s] Level 1:colcon.colcon_core.package_discovery:discover_packages(path) using defaults
[0.171s] Level 5:colcon.colcon_core.verb:set package 'pid' build argument 'cmake_args' from command line to 'None'
[0.172s] Level 5:colcon.colcon_core.verb:set package 'pid' build argument 'cmake_target' from command line to 'None'
[0.172s] Level 5:colcon.colcon_core.verb:set package 'pid' build argument 'cmake_target_skip_unavailable' from command line to 'False'
[0.172s] Level 5:colcon.colcon_core.verb:set package 'pid' build argument 'cmake_clean_cache' from command line to 'False'
[0.172s] Level 5:colcon.colcon_core.verb:set package 'pid' build argument 'cmake_clean_first' from command line to 'False'
[0.172s] Level 5:colcon.colcon_core.verb:set package 'pid' build argument 'cmake_force_configure' from command line to 'False'
[0.172s] Level 5:colcon.colcon_core.verb:set package 'pid' build argument 'ament_cmake_args' from command line to 'None'
[0.172s] Level 5:colcon.colcon_core.verb:set package 'pid' build argument 'catkin_cmake_args' from command line to 'None'
[0.172s] Level 5:colcon.colcon_core.verb:set package 'pid' build argument 'catkin_skip_building_tests' from command line to 'False'
[0.172s] DEBUG:colcon.colcon_core.verb:Building package 'pid' with the following arguments: {'ament_cmake_args': None, 'build_base': '/home/iit.local/mmarchitto/dls2_ros2_bridge/examples/pid_ws/build/pid', 'catkin_cmake_args': None, 'catkin_skip_building_tests': False, 'cmake_args': None, 'cmake_clean_cache': False, 'cmake_clean_first': False, 'cmake_force_configure': False, 'cmake_target': None, 'cmake_target_skip_unavailable': False, 'install_base': '/home/iit.local/mmarchitto/dls2_ros2_bridge/examples/pid_ws/install/pid', 'merge_install': False, 'path': '/home/iit.local/mmarchitto/dls2_ros2_bridge/examples/pid_ws/src/pid', 'symlink_install': False, 'test_result_base': None}
[0.172s] INFO:colcon.colcon_core.executor:Executing jobs using 'parallel' executor
[0.173s] DEBUG:colcon.colcon_parallel_executor.executor.parallel:run_until_complete
[0.173s] INFO:colcon.colcon_ros.task.ament_cmake.build:Building ROS package in '/home/iit.local/mmarchitto/dls2_ros2_bridge/examples/pid_ws/src/pid' with build type 'ament_cmake'
[0.173s] INFO:colcon.colcon_cmake.task.cmake.build:Building CMake package in '/home/iit.local/mmarchitto/dls2_ros2_bridge/examples/pid_ws/src/pid'
[0.174s] INFO:colcon.colcon_core.plugin_system:Skipping extension 'colcon_core.shell.bat': Not used on non-Windows systems
[0.174s] INFO:colcon.colcon_core.shell:Skip shell extension 'powershell' for command environment: Not usable outside of PowerShell
[0.174s] DEBUG:colcon.colcon_core.shell:Skip shell extension 'dsv' for command environment
[0.182s] DEBUG:colcon.colcon_core.event_handler.log_command:Invoking command in '/home/iit.local/mmarchitto/dls2_ros2_bridge/examples/pid_ws/build/pid': CMAKE_PREFIX_PATH=${CMAKE_PREFIX_PATH}:/opt/ros/humble /usr/bin/cmake --build /home/iit.local/mmarchitto/dls2_ros2_bridge/examples/pid_ws/build/pid -- -j20 -l20
[0.396s] DEBUG:colcon.colcon_core.event_handler.log_command:Invoked command in '/home/iit.local/mmarchitto/dls2_ros2_bridge/examples/pid_ws/build/pid' returned '2': CMAKE_PREFIX_PATH=${CMAKE_PREFIX_PATH}:/opt/ros/humble /usr/bin/cmake --build /home/iit.local/mmarchitto/dls2_ros2_bridge/examples/pid_ws/build/pid -- -j20 -l20
[0.421s] Level 1:colcon.colcon_core.environment:create_environment_scripts_only(pid)
[0.424s] Level 1:colcon.colcon_core.environment:checking '/home/iit.local/mmarchitto/dls2_ros2_bridge/examples/pid_ws/install/pid' for CMake module files
[0.424s] Level 1:colcon.colcon_core.environment:checking '/home/iit.local/mmarchitto/dls2_ros2_bridge/examples/pid_ws/install/pid' for CMake config files
[0.425s] Level 1:colcon.colcon_core.environment:checking '/home/iit.local/mmarchitto/dls2_ros2_bridge/examples/pid_ws/install/pid/bin'
[0.425s] Level 1:colcon.colcon_core.environment:checking '/home/iit.local/mmarchitto/dls2_ros2_bridge/examples/pid_ws/install/pid/lib/pkgconfig/pid.pc'
[0.427s] Level 1:colcon.colcon_core.environment:checking '/home/iit.local/mmarchitto/dls2_ros2_bridge/examples/pid_ws/install/pid/lib/python3.10/site-packages'
[0.427s] Level 1:colcon.colcon_core.environment:checking '/home/iit.local/mmarchitto/dls2_ros2_bridge/examples/pid_ws/install/pid/bin'
[0.427s] INFO:colcon.colcon_core.shell:Creating package script '/home/iit.local/mmarchitto/dls2_ros2_bridge/examples/pid_ws/install/pid/share/pid/package.ps1'
[0.428s] INFO:colcon.colcon_core.shell:Creating package descriptor '/home/iit.local/mmarchitto/dls2_ros2_bridge/examples/pid_ws/install/pid/share/pid/package.dsv'
[0.429s] INFO:colcon.colcon_core.shell:Creating package script '/home/iit.local/mmarchitto/dls2_ros2_bridge/examples/pid_ws/install/pid/share/pid/package.sh'
[0.430s] INFO:colcon.colcon_core.shell:Creating package script '/home/iit.local/mmarchitto/dls2_ros2_bridge/examples/pid_ws/install/pid/share/pid/package.bash'
[0.430s] INFO:colcon.colcon_core.shell:Creating package script '/home/iit.local/mmarchitto/dls2_ros2_bridge/examples/pid_ws/install/pid/share/pid/package.zsh'
[0.431s] Level 1:colcon.colcon_core.environment:create_file_with_runtime_dependencies(/home/iit.local/mmarchitto/dls2_ros2_bridge/examples/pid_ws/install/pid/share/colcon-core/packages/pid)
[0.441s] DEBUG:colcon.colcon_parallel_executor.executor.parallel:closing loop
[0.442s] DEBUG:colcon.colcon_parallel_executor.executor.parallel:loop closed
[0.442s] DEBUG:colcon.colcon_parallel_executor.executor.parallel:run_until_complete finished with '2'
[0.442s] DEBUG:colcon.colcon_core.event_reactor:joining thread
[0.450s] INFO:colcon.colcon_core.plugin_system:Skipping extension 'colcon_notification.desktop_notification.notify_send': Could not find 'notify-send'
[0.450s] INFO:colcon.colcon_core.plugin_system:Skipping extension 'colcon_notification.desktop_notification.terminal_notifier': Not used on non-Darwin systems
[0.450s] INFO:colcon.colcon_core.plugin_system:Skipping extension 'colcon_notification.desktop_notification.win32': Not used on non-Windows systems
[0.450s] INFO:colcon.colcon_notification.desktop_notification:Sending desktop notification using 'notify2'
[0.466s] DEBUG:colcon.colcon_core.event_reactor:joined thread
[0.467s] INFO:colcon.colcon_core.shell:Creating prefix script '/home/iit.local/mmarchitto/dls2_ros2_bridge/examples/pid_ws/install/local_setup.ps1'
[0.469s] INFO:colcon.colcon_core.shell:Creating prefix util module '/home/iit.local/mmarchitto/dls2_ros2_bridge/examples/pid_ws/install/_local_setup_util_ps1.py'
[0.470s] INFO:colcon.colcon_core.shell:Creating prefix chain script '/home/iit.local/mmarchitto/dls2_ros2_bridge/examples/pid_ws/install/setup.ps1'
[0.472s] INFO:colcon.colcon_core.shell:Creating prefix script '/home/iit.local/mmarchitto/dls2_ros2_bridge/examples/pid_ws/install/local_setup.sh'
[0.473s] INFO:colcon.colcon_core.shell:Creating prefix util module '/home/iit.local/mmarchitto/dls2_ros2_bridge/examples/pid_ws/install/_local_setup_util_sh.py'
[0.473s] INFO:colcon.colcon_core.shell:Creating prefix chain script '/home/iit.local/mmarchitto/dls2_ros2_bridge/examples/pid_ws/install/setup.sh'
[0.474s] INFO:colcon.colcon_core.shell:Creating prefix script '/home/iit.local/mmarchitto/dls2_ros2_bridge/examples/pid_ws/install/local_setup.bash'
[0.475s] INFO:colcon.colcon_core.shell:Creating prefix chain script '/home/iit.local/mmarchitto/dls2_ros2_bridge/examples/pid_ws/install/setup.bash'
[0.476s] INFO:colcon.colcon_core.shell:Creating prefix script '/home/iit.local/mmarchitto/dls2_ros2_bridge/examples/pid_ws/install/local_setup.zsh'
[0.476s] INFO:colcon.colcon_core.shell:Creating prefix chain script '/home/iit.local/mmarchitto/dls2_ros2_bridge/examples/pid_ws/install/setup.zsh'
