[0.008s] Invoking command in '/home/iit.local/mmarchitto/dls2_ros2_bridge/examples/pid_ws/build/pid': CMAKE_PREFIX_PATH=${CMAKE_PREFIX_PATH}:/opt/ros/humble /usr/bin/cmake --build /home/iit.local/mmarchitto/dls2_ros2_bridge/examples/pid_ws/build/pid -- -j20 -l20
[0.053s] [35m[1mConsolidate compiler generated dependencies of target pid[0m
[0.079s] [ 50%] [32mBuilding CXX object CMakeFiles/pid.dir/src/pid.cpp.o[0m
[1.624s] [01m[K/home/iit.local/mmarchitto/dls2_ros2_bridge/examples/pid_ws/src/pid/src/pid.cpp:[m[K In member function ‘[01m[Kvoid Pid::run()[m[K’:
[1.625s] [01m[K/home/iit.local/mmarchitto/dls2_ros2_bridge/examples/pid_ws/src/pid/src/pid.cpp:39:96:[m[K [01;31m[Kerror: [m[Kno match for ‘[01m[Koperator=[m[K’ (operand types are ‘[01m[Kdls2_msgs::msg::ControlSignalMsg_<std::allocator<void> >::_torques_type[m[K’ {aka ‘[01m[Kstd::array<double, 12>[m[K’} and ‘[01m[Kstd::array<double, 12>::value_type[m[K’ {aka ‘[01m[Kdouble[m[K’})
[1.625s]    39 |                                 + 3*(traj_gen.joints_velocity[i]-blind_state.joints_velocity[i][01;31m[K)[m[K;
[1.625s]       |                                                                                                [01;31m[K^[m[K
[1.625s] In file included from [01m[K/usr/include/c++/11/tuple:39[m[K,
[1.625s]                  from [01m[K/usr/include/c++/11/functional:54[m[K,
[1.625s]                  from [01m[K/home/iit.local/mmarchitto/dls2_ros2_bridge/examples/pid_ws/src/pid/src/pid.cpp:2[m[K:
[1.625s] [01m[K/usr/include/c++/11/array:95:12:[m[K [01;36m[Knote: [m[Kcandidate: ‘[01m[Kconstexpr std::array<double, 12>& std::array<double, 12>::operator=(const std::array<double, 12>&)[m[K’
[1.625s]    95 |     struct [01;36m[Karray[m[K
[1.625s]       |            [01;36m[K^~~~~[m[K
[1.625s] [01m[K/usr/include/c++/11/array:95:12:[m[K [01;36m[Knote: [m[K  no known conversion for argument 1 from ‘[01m[Kstd::array<double, 12>::value_type[m[K’ {aka ‘[01m[Kdouble[m[K’} to ‘[01m[Kconst std::array<double, 12>&[m[K’
[1.625s] [01m[K/usr/include/c++/11/array:95:12:[m[K [01;36m[Knote: [m[Kcandidate: ‘[01m[Kconstexpr std::array<double, 12>& std::array<double, 12>::operator=(std::array<double, 12>&&)[m[K’
[1.625s] [01m[K/usr/include/c++/11/array:95:12:[m[K [01;36m[Knote: [m[K  no known conversion for argument 1 from ‘[01m[Kstd::array<double, 12>::value_type[m[K’ {aka ‘[01m[Kdouble[m[K’} to ‘[01m[Kstd::array<double, 12>&&[m[K’
[1.626s] [01m[K/home/iit.local/mmarchitto/dls2_ros2_bridge/examples/pid_ws/src/pid/src/pid.cpp:[m[K In member function ‘[01m[Kvoid Pid::blind_state_callback(dls2_msgs::msg::BlindStateMsg_<std::allocator<void> >::SharedPtr) const[m[K’:
[1.626s] [01m[K/home/iit.local/mmarchitto/dls2_ros2_bridge/examples/pid_ws/src/pid/src/pid.cpp:47:24:[m[K [01;31m[Kerror: [m[Kpassing ‘[01m[Kconst BlindStateMsg[m[K’ {aka ‘[01m[Kconst dls2_msgs::msg::BlindStateMsg_<std::allocator<void> >[m[K’} as ‘[01m[Kthis[m[K’ argument discards qualifiers [[01;31m[K-fpermissive[m[K]
[1.626s]    47 |         blind_state = *[01;31m[Kmsg[m[K;
[1.626s]       |                        [01;31m[K^~~[m[K
[1.626s] In file included from [01m[K/opt/integration_service/dls2_ros2_bridge/msgs_ws/dls2_msgs/include/dls2_msgs/dls2_msgs/msg/blind_state_msg.hpp:7[m[K,
[1.626s]                  from [01m[K/home/iit.local/mmarchitto/dls2_ros2_bridge/examples/pid_ws/src/pid/src/pid.cpp:7[m[K:
[1.626s] [01m[K/opt/integration_service/dls2_ros2_bridge/msgs_ws/dls2_msgs/include/dls2_msgs/dls2_msgs/msg/detail/blind_state_msg__struct.hpp:32:8:[m[K [01;36m[Knote: [m[K  in call to ‘[01m[Kdls2_msgs::msg::BlindStateMsg_<std::allocator<void> >& dls2_msgs::msg::BlindStateMsg_<std::allocator<void> >::operator=(const dls2_msgs::msg::BlindStateMsg_<std::allocator<void> >&)[m[K’
[1.626s]    32 | struct [01;36m[KBlindStateMsg_[m[K
[1.626s]       |        [01;36m[K^~~~~~~~~~~~~~[m[K
[1.627s] [01m[K/home/iit.local/mmarchitto/dls2_ros2_bridge/examples/pid_ws/src/pid/src/pid.cpp:[m[K In member function ‘[01m[Kvoid Pid::trajectory_generator_callback(dls2_msgs::msg::TrajectoryGeneratorMsg_<std::allocator<void> >::SharedPtr) const[m[K’:
[1.627s] [01m[K/home/iit.local/mmarchitto/dls2_ros2_bridge/examples/pid_ws/src/pid/src/pid.cpp:52:21:[m[K [01;31m[Kerror: [m[Kpassing ‘[01m[Kconst TrajectoryGeneratorMsg[m[K’ {aka ‘[01m[Kconst dls2_msgs::msg::TrajectoryGeneratorMsg_<std::allocator<void> >[m[K’} as ‘[01m[Kthis[m[K’ argument discards qualifiers [[01;31m[K-fpermissive[m[K]
[1.627s]    52 |         traj_gen = *[01;31m[Kmsg[m[K;
[1.627s]       |                     [01;31m[K^~~[m[K
[1.627s] In file included from [01m[K/opt/integration_service/dls2_ros2_bridge/msgs_ws/dls2_msgs/include/dls2_msgs/dls2_msgs/msg/trajectory_generator_msg.hpp:7[m[K,
[1.627s]                  from [01m[K/home/iit.local/mmarchitto/dls2_ros2_bridge/examples/pid_ws/src/pid/src/pid.cpp:8[m[K:
[1.627s] [01m[K/opt/integration_service/dls2_ros2_bridge/msgs_ws/dls2_msgs/include/dls2_msgs/dls2_msgs/msg/detail/trajectory_generator_msg__struct.hpp:32:8:[m[K [01;36m[Knote: [m[K  in call to ‘[01m[Kdls2_msgs::msg::TrajectoryGeneratorMsg_<std::allocator<void> >& dls2_msgs::msg::TrajectoryGeneratorMsg_<std::allocator<void> >::operator=(const dls2_msgs::msg::TrajectoryGeneratorMsg_<std::allocator<void> >&)[m[K’
[1.627s]    32 | struct [01;36m[KTrajectoryGeneratorMsg_[m[K
[1.628s]       |        [01;36m[K^~~~~~~~~~~~~~~~~~~~~~~[m[K
[3.686s] gmake[2]: *** [CMakeFiles/pid.dir/build.make:76: CMakeFiles/pid.dir/src/pid.cpp.o] Error 1
[3.686s] gmake[1]: *** [CMakeFiles/Makefile2:137: CMakeFiles/pid.dir/all] Error 2
[3.687s] gmake: *** [Makefile:146: all] Error 2
[3.689s] Invoked command in '/home/iit.local/mmarchitto/dls2_ros2_bridge/examples/pid_ws/build/pid' returned '2': CMAKE_PREFIX_PATH=${CMAKE_PREFIX_PATH}:/opt/ros/humble /usr/bin/cmake --build /home/iit.local/mmarchitto/dls2_ros2_bridge/examples/pid_ws/build/pid -- -j20 -l20
